exports[`test should render Table component 1`] = `
<div
  className="table-board">
  <Hand
    hand={Array []}
    showDeck={true} />
  <hr />
  <Interface
    deal={[Function]}
    dealerscore={0}
    hit={[Function]}
    playerscore={0}
    stand={[Function]}
    status="new"
    visible={false} />
  <hr />
  <Hand
    hand={Array []} />
</div>
`;
